{
    "Should run without failures": {
        "content": [
            {
                "0": [
                    [
                        1,
                        2,
                        "cathfunfam.json:md5,99914b932bd37a50b983c5e7c90ae93b"
                    ]
                ]
            }
        ],
        "timestamp": "2026-04-02T23:07:06.990972001",
        "meta": {
            "nf-test": "0.9.4",
            "nextflow": "25.04.7"
        }
    }
}