{
    "Should run without failures": {
        "content": [
            {
                "0": [
                    [
                        1,
                        "signalp.json:md5,2600723adfbb20324eb218342f39f854"
                    ]
                ]
            }
        ],
        "timestamp": "2026-07-17T09:56:35.614707",
        "meta": {
            "nf-test": "0.9.4",
            "nextflow": "26.04.1"
        }
    }
}