{
    "Run precalc match lookup successfully": {
        "content": [
            {
                "0": [
                    "no_match_lookup_fasta.fasta:md5,4e72b2094c713d10d64b89dbf482b483"
                ],
                "1": [
                    "parsed_match_lookup:md5,1291cc5ca7ba91ae1a6890f0735eec7e"
                ],
                "parsed_matches": [
                    "parsed_match_lookup:md5,1291cc5ca7ba91ae1a6890f0735eec7e"
                ],
                "sequences_to_analyse": [
                    "no_match_lookup_fasta.fasta:md5,4e72b2094c713d10d64b89dbf482b483"
                ]
            }
        ],
        "meta": {
            "nf-test": "0.8.4",
            "nextflow": "23.10.1"
        },
        "timestamp": "2024-09-03T08:59:42.386748"
    }
}