{
    "Should run without failures": {
        "content": [
            {
                "0": [
                    [
                        1,
                        2,
                        [
                            "2.60.40.3510",
                            "2.10.25.140",
                            "2.10.25.10",
                            "2.60.40.1470",
                            "1.10.287.310",
                            "3.20.20.70",
                            "1.10.20.40",
                            "1.25.10.10",
                            "1.10.238.150",
                            "1.20.1170.10",
                            "6.10.30.30",
                            "1.20.58.630",
                            "1.20.58.2220",
                            "3.30.40.10",
                            "3.30.160.60",
                            "1.20.1250.10",
                            "2.20.100.10",
                            "4.10.400.10",
                            "1.10.640.10",
                            "1.10.238.10",
                            "2.40.30.10",
                            "3.40.50.80",
                            "1.20.5.170",
                            "3.30.930.10",
                            "2.40.30.130",
                            "3.30.980.10",
                            "3.30.54.20",
                            "3.10.310.40",
                            "2.60.40.340",
                            "2.60.40.10",
                            "3.40.50.10540",
                            "3.30.1540.10",
                            "1.10.10.10",
                            "3.30.1360.40",
                            "1.10.3470.10",
                            "2.170.40.20",
                            "1.10.287.210",
                            "1.20.5.490",
                            "3.30.70.2350",
                            "1.20.1540.10",
                            "1.25.40.10",
                            "3.30.420.40",
                            "3.90.640.10",
                            "3.80.20.20",
                            "2.10.220.10",
                            "6.10.250.880",
                            "3.30.200.20",
                            "1.10.510.10",
                            "3.30.1370.30",
                            "3.30.1490.10",
                            "2.30.40.10",
                            "3.20.20.140",
                            "2.60.40.1170",
                            "2.60.120.290",
                            "2.40.128.30",
                            "2.120.10.30",
                            "2.60.120.200",
                            "1.10.287.1490",
                            "1.25.40.90",
                            "3.30.190.20",
                            "3.40.50.790",
                            "4.10.280.10",
                            "3.30.450.20",
                            "3.40.50.12160",
                            "3.80.30.20",
                            "2.130.10.10",
                            "3.90.570.10",
                            "3.30.1490.140",
                            "4.10.410.10",
                            "1.20.120.770",
                            "4.10.230.10",
                            "2.30.29.30",
                            "2.60.120.960",
                            "3.30.70.1840",
                            "1.20.5.300",
                            "1.20.5.790",
                            "6.10.250.3330",
                            "3.40.50.300",
                            "2.40.40.20",
                            "1.20.5.420",
                            "3.40.50.150",
                            "3.50.50.60",
                            "6.10.50.20",
                            "2.60.40.720",
                            "4.10.170.10",
                            "1.10.220.80",
                            "2.170.130.20",
                            "2.60.120.260",
                            "1.10.8.60",
                            "3.30.1360.70",
                            "3.40.50.620",
                            "1.10.730.10",
                            "1.10.245.10",
                            "2.30.30.380",
                            "2.10.50.10",
                            "6.10.140.1380",
                            "1.10.472.140",
                            "1.10.472.10",
                            "6.10.250.530",
                            "1.10.150.50",
                            "6.10.250.1550",
                            "3.40.800.20",
                            "3.30.300.320",
                            "3.30.70.3310",
                            "1.25.40.20",
                            "6.20.430.10",
                            "2.20.70.10",
                            "3.30.1680.10",
                            "2.60.40.1510",
                            "3.40.50.410",
                            "4.10.1240.30",
                            "1.20.5.100",
                            "3.40.50.10190",
                            "3.100.10.10",
                            "3.40.50.2300",
                            "2.10.50.30",
                            "3.40.390.10",
                            "1.25.40.430"
                        ]
                    ]
                ]
            }
        ],
        "timestamp": "2026-04-10T11:31:38.148555243",
        "meta": {
            "nf-test": "0.9.4",
            "nextflow": "25.04.7"
        }
    }
}