{
    "Should run without failures": {
        "content": [
            {
                "0": [
                    [
                        1,
                        "matches_with_representative.json:md5,1595a6cda9fd55a897c6f0d327efca83"
                    ]
                ]
            }
        ],
        "meta": {
            "nf-test": "0.9.3",
            "nextflow": "25.04.7"
        },
        "timestamp": "2025-10-18T11:52:34.988504225"
    }
}