{
    "Should run without failures": {
        "content": [
            {
                "0": [
                    [
                        1,
                        "matches_with_representative.json:md5,035c5b8935218ea627b1fc901e679529"
                    ]
                ]
            }
        ],
        "meta": {
            "nf-test": "0.9.3",
            "nextflow": "25.04.7"
        },
        "timestamp": "2025-10-20T11:36:40.5560747"
    }
}