{
    "Should run without failures": {
        "content": [
            {
                "0": [
                    [
                        1,
                        "no_matches.json:md5,dbb303a21dde4e77b2a513aa36e491de"
                    ]
                ]
            }
        ],
        "timestamp": "2026-04-06T19:50:40.174582291",
        "meta": {
            "nf-test": "0.9.4",
            "nextflow": "25.04.7"
        }
    }
}