{
    "Should run without failures": {
        "content": [
            {
                "0": [
                    "entries_xref_matches_input.json:md5,c46feebfeb2119a9982489815045fd82"
                ]
            }
        ],
        "meta": {
            "nf-test": "0.8.4",
            "nextflow": "24.04.2"
        },
        "timestamp": "2024-09-09T09:11:14.801795"
    }
}