{
    "Should run without failures": {
        "content": [
            {
                "0": [
                    "entries_xref_matches_input.json:md5,82e1e06299a896dcfd952ce988bcc935"
                ]
            }
        ],
        "meta": {
            "nf-test": "0.8.4",
            "nextflow": "24.04.2"
        },
        "timestamp": "2024-09-09T10:20:04.175361"
    }
}