{
    "Should run without failures": {
        "content": [
            {
                "0": [
                    "hmmer_parsed_funfam_4.10.75.10.json:md5,803498d0da31b397194241c7a59935b7"
                ]
            }
        ],
        "meta": {
            "nf-test": "0.8.4",
            "nextflow": "24.04.2"
        },
        "timestamp": "2024-09-23T09:15:17.790329"
    }
}