{
    "Should run without failures": {
        "content": [
            {
                "0": [
                    "hmmer_parsed_hmmscan.out.json:md5,0ef26ce77584e95f4ab3b3a514591b8f"
                ]
            }
        ],
        "meta": {
            "nf-test": "0.8.4",
            "nextflow": "24.04.2"
        },
        "timestamp": "2024-09-23T08:57:03.130917"
    }
}