{
    "Should run without failures": {
        "content": [
            {
                "0": [
                    "hmmer_parsed_gene3d_out.json:md5,d861a26e649cc145b9c828db01bc68dd"
                ]
            }
        ],
        "meta": {
            "nf-test": "0.8.4",
            "nextflow": "24.04.2"
        },
        "timestamp": "2024-09-23T08:47:23.419797"
    }
}