{
    "Should run without failures": {
        "content": [
            {
                "0": [
                    "hmmer_parsed_hmmpfam.out.json:md5,f5429c76916bd6ad4f6f5ca5fc97fd62"
                ],
                "1": [
                    "fasta.faa:md5,562770e49f4cc1ce7db3e7ce48d8d23d"
                ]
            }
        ],
        "meta": {
            "nf-test": "0.8.4",
            "nextflow": "24.04.2"
        },
        "timestamp": "2024-09-23T08:54:18.982419"
    }
}