{
    "Should run without failures": {
        "content": [
            {
                "0": [
                    [
                        1,
                        "pirsr.json:md5,850b3371fe98525f24f98ae8bbaf4888"
                    ]
                ]
            }
        ],
        "timestamp": "2026-07-17T09:54:18.721473",
        "meta": {
            "nf-test": "0.9.4",
            "nextflow": "26.04.1"
        }
    }
}