{
    "Should run": {
        "content": [
            {
                "0": [
                    "entries_xref_matches_input.json:md5,a4cea84f276e1121f1d905e4623d9d84"
                ],
                "final_result": [
                    "entries_xref_matches_input.json:md5,a4cea84f276e1121f1d905e4623d9d84"
                ]
            }
        ],
        "meta": {
            "nf-test": "0.8.4",
            "nextflow": "24.04.2"
        },
        "timestamp": "2024-09-06T14:52:27.313528"
    }
}