{
    "Should run without failures": {
        "content": [
            {
                "0": [
                    [
                        1,
                        1,
                        "mobidblite.json:md5,a7c533f63e2b7c41d834387334b0e96d"
                    ]
                ]
            }
        ],
        "timestamp": "2026-07-17T13:29:08.52162",
        "meta": {
            "nf-test": "0.9.4",
            "nextflow": "26.04.1"
        }
    }
}