{
    "Should run without failures": {
        "content": [
            {
                "0": [
                    "unit-test_out:md5,d41d8cd98f00b204e9800998ecf8427e"
                ],
                "1": [
                    [
                        
                    ]
                ],
                "2": [
                    "unit-test"
                ],
                "3": [
                    "hmmer_runner_fasta.faa:md5,f94265dbb12341fa2aea5906115fe896"
                ],
                "4": [
                    "mock_hmm.hmm:md5,c35f5fe34013624a40fd449d56b1da9d"
                ]
            }
        ],
        "meta": {
            "nf-test": "0.8.4",
            "nextflow": "24.04.2"
        },
        "timestamp": "2024-09-20T17:56:31.652598"
    }
}