{
    "Should run without failures": {
        "content": [
            {
                "0": [
                    "unit-test_out:md5,d41d8cd98f00b204e9800998ecf8427e"
                ],
                "1": [
                    "hmmer_runner_fasta.faa:md5,f94265dbb12341fa2aea5906115fe896"
                ],
                "2": [
                    "unit-test"
                ]
            }
        ],
        "meta": {
            "nf-test": "0.8.4",
            "nextflow": "24.04.2"
        },
        "timestamp": "2024-09-20T17:59:40.842309"
    }
}