{
    "Should run without failures": {
        "content": [
            {
                "0": [
                    "treegrafter_processed_panther_hits:md5,d41d8cd98f00b204e9800998ecf8427e"
                ]
            }
        ],
        "meta": {
            "nf-test": "0.8.4",
            "nextflow": "24.04.2"
        },
        "timestamp": "2024-09-23T10:25:28.435079"
    }
}