{
    "Should pass": {
        "content": [
            {
                "0": [
                    "parsed_seqs_aggregated.json:md5,6e5c21b388650baae39c1f55d18d6861"
                ]
            }
        ],
        "meta": {
            "nf-test": "0.8.4",
            "nextflow": "24.04.2"
        },
        "timestamp": "2024-09-02T21:09:34.071541"
    },
    "Should run successfully": {
        "content": [
            {
                "0": [
                    "parsed_seqs_aggregated.json:md5,6e5c21b388650baae39c1f55d18d6861"
                ]
            }
        ],
        "meta": {
            "nf-test": "0.8.4",
            "nextflow": "24.04.2"
        },
        "timestamp": "2024-09-11T13:48:52.965608"
    }
}