{
    "Should run without failures": {
        "content": [
            {
                "0": [
                    [
                        1,
                        [
                            "sequences_1.tsv:md5,70755167ebab269d7d72d47fe76a8049",
                            "sequences_2.tsv:md5,d21d68f08567c6d1b7cd9fe82e7c01db"
                        ]
                    ]
                ]
            }
        ],
        "timestamp": "2026-04-07T19:17:48.982598806",
        "meta": {
            "nf-test": "0.9.4",
            "nextflow": "25.04.7"
        }
    }
}