{
    "Should run without failures": {
        "content": [
            {
                "0": [
                    [
                        1,
                        "interpro-n.json:md5,4919e7ee708282220b71295bcf07c8c7"
                    ]
                ]
            }
        ],
        "timestamp": "2026-07-28T20:27:02.18445122",
        "meta": {
            "nf-test": "0.9.4",
            "nextflow": "26.04.3"
        }
    }
}