{
    "Should run without failures": {
        "content": [
            {
                "0": [
                    "hmmer_parsed_smart_out.json.post.processed.json:md5,ac5f9930f45d8988a143258f72d36b30"
                ]
            }
        ],
        "meta": {
            "nf-test": "0.8.4",
            "nextflow": "24.04.2"
        },
        "timestamp": "2024-09-23T16:08:07.745065"
    }
}