{
    "Should run without failures": {
        "content": [
            {
                "0": [
                    "superfamily_parsed_superfamily_out_ass3_output.json:md5,6ffb4541862c5882ab2dd2f7a1c9fb0d"
                ]
            }
        ],
        "meta": {
            "nf-test": "0.8.4",
            "nextflow": "24.04.2"
        },
        "timestamp": "2024-09-24T09:13:05.318168"
    }
}