{
    "Should run without failures": {
        "content": [
            {
                "0": [
                    "hmmer_parsed_gene3d_out.json.post.processed.json:md5,eff0bfe9c8720d308d09515377805886"
                ],
                "1": [
                    "cath.superfamilies:md5,d41d8cd98f00b204e9800998ecf8427e"
                ]
            }
        ],
        "meta": {
            "nf-test": "0.8.4",
            "nextflow": "24.04.2"
        },
        "timestamp": "2024-09-23T13:56:25.616053"
    }
}