{
    "Should run without failures": {
        "content": [
            {
                "0": [
                    "hmmer_parsed_pfam_out.json.post.processed.json:md5,e103e308663c4679dc97652c1535632c"
                ]
            }
        ],
        "meta": {
            "nf-test": "0.8.4",
            "nextflow": "24.04.2"
        },
        "timestamp": "2024-09-23T15:45:01.621308"
    }
}