{
    "Should run without failures": {
        "content": [
            {
                "0": [
                    [
                        1,
                        "cdd.json:md5,dd0431216d33bf18fa61c44a794e79de"
                    ]
                ]
            }
        ],
        "timestamp": "2026-04-02T23:10:52.522707481",
        "meta": {
            "nf-test": "0.9.4",
            "nextflow": "25.04.7"
        }
    }
}