{
    "Should run PREPARE_SMART without failures": {
        "content": [
            {
                "0": [
                    [
                        1,
                        [
                            [
                                "SM00382",
                                "SM00382.fa:md5,d0939597c0476a336aa3b1f435694d66"
                            ],
                            [
                                "SM00826",
                                "SM00826.fa:md5,d0939597c0476a336aa3b1f435694d66"
                            ],
                            [
                                "SM00534",
                                "SM00534.fa:md5,de5244eb15dc69fd0bd96d9c3a5de57d"
                            ],
                            [
                                "SM00533",
                                "SM00533.fa:md5,de5244eb15dc69fd0bd96d9c3a5de57d"
                            ]
                        ]
                    ]
                ]
            }
        ],
        "meta": {
            "nf-test": "0.9.3",
            "nextflow": "25.04.6"
        },
        "timestamp": "2025-10-28T20:09:31.443459237"
    }
}