{
    "Should run without failures": {
        "content": [
            {
                "0": [
                    [
                        1,
                        "phobius.json:md5,88126d886defc620a1ed67774d62464d"
                    ]
                ]
            }
        ],
        "timestamp": "2026-07-17T13:29:41.709731",
        "meta": {
            "nf-test": "0.9.4",
            "nextflow": "26.04.1"
        }
    }
}