{
    "Should run without failures": {
        "content": [
            {
                "0": [
                    "goterms_entries_matches.json:md5,06b03aa5e1450a8d335625e7d591c7a6"
                ]
            }
        ],
        "meta": {
            "nf-test": "0.8.4",
            "nextflow": "24.04.2"
        },
        "timestamp": "2024-09-06T15:04:16.386855"
    }
}