{
    "Should run without failures": {
        "content": [
            {
                "0": [
                    "goterms_match_entries.json:md5,30f369f96eed362f63ded58c6476d5e6"
                ]
            }
        ],
        "meta": {
            "nf-test": "0.8.4",
            "nextflow": "24.04.2"
        },
        "timestamp": "2024-09-06T18:16:40.82924"
    }
}