{
    "Should run without failures": {
        "content": [
            {
                "0": [
                    
                ]
            }
        ],
        "meta": {
            "nf-test": "0.8.4",
            "nextflow": "24.04.2"
        },
        "timestamp": "2024-09-08T20:00:39.016894"
    }
}