{
    "Add all cross-references but not GO terms": {
        "content": [
            {
                "0": [
                    [
                        1,
                        [
                            "1.json:md5,8f3ed107dd1e403e47c386e8b6371e67"
                        ]
                    ]
                ]
            }
        ],
        "timestamp": "2026-07-20T16:12:05.200925",
        "meta": {
            "nf-test": "0.9.4",
            "nextflow": "26.04.1"
        }
    },
    "Add PANTHER cross-references": {
        "content": [
            {
                "0": [
                    [
                        1,
                        [
                            "1.json:md5,b8c94afd832eb587dbdbe8ca9102ce16"
                        ]
                    ]
                ]
            }
        ],
        "timestamp": "2026-07-20T16:11:12.342732",
        "meta": {
            "nf-test": "0.9.4",
            "nextflow": "26.04.1"
        }
    },
    "Add all cross-references and GO terms": {
        "content": [
            {
                "0": [
                    [
                        1,
                        [
                            "1.json:md5,d3c8bff3f169ec658abf9e3d96bc03f7"
                        ]
                    ]
                ]
            }
        ],
        "timestamp": "2026-07-20T16:13:10.759161",
        "meta": {
            "nf-test": "0.9.4",
            "nextflow": "26.04.1"
        }
    }
}