{
    "Should run without failures": {
        "content": [
            {
                "0": [
                    [
                        1,
                        "coils.json:md5,77e6809dc2dd19b8cfaa3901dd148836"
                    ]
                ]
            }
        ],
        "timestamp": "2026-04-02T23:13:53.912426876",
        "meta": {
            "nf-test": "0.9.4",
            "nextflow": "25.04.7"
        }
    }
}