{
    "Should run without failures": {
        "content": [
            {
                "0": [
                    [
                        1,
                        "coils.json:md5,685de77991be937930e6fa85bca4b875"
                    ]
                ]
            }
        ],
        "timestamp": "2026-07-17T13:28:48.663472",
        "meta": {
            "nf-test": "0.9.4",
            "nextflow": "26.04.1"
        }
    }
}