{
    "Should load protein sequences without failures": {
        "content": [
            {
                "0": [
                    "sequences.db:md5,e579bd50971c126a2ce1921ad02dcbb0"
                ]
            }
        ],
        "timestamp": "2026-04-06T19:52:09.176951607",
        "meta": {
            "nf-test": "0.9.4",
            "nextflow": "25.04.7"
        }
    },
    "Should load nucleic sequences without failures": {
        "content": [
            {
                "0": [
                    "sequences.db:md5,3e244ced610721be685303f377f0e695"
                ]
            }
        ],
        "timestamp": "2026-04-03T17:53:58.264594056",
        "meta": {
            "nf-test": "0.9.4",
            "nextflow": "25.04.7"
        }
    }
}