{
    "Should run without failures": {
        "content": [
            {
                "0": [
                    "hmmer_parsed_pirsr_out.json.post.processed.json:md5,f32bdcb24359000dbae588ac8e8f279e"
                ]
            }
        ],
        "meta": {
            "nf-test": "0.8.4",
            "nextflow": "24.04.2"
        },
        "timestamp": "2024-09-23T15:57:55.863942"
    }
}