{
    "Test Function isNucleic with nucleic sequence": {
        "content": [
            true
        ],
        "meta": {
            "nf-test": "0.8.4",
            "nextflow": "24.04.4"
        },
        "timestamp": "2024-09-28T10:49:00.398706"
    },
    "Test Function checkIllegalChars when there are illegal chars in a nucleic seq": {
        "content": [
            {
                "GENERAL": [
                    "',12_'",
                    "'3'"
                ],
                "ANTIFAM": [
                    "'-'"
                ],
                "SFLD": [
                    "'-'",
                    "'.'",
                    "'_'"
                ]
            }
        ],
        "meta": {
            "nf-test": "0.8.4",
            "nextflow": "24.04.4"
        },
        "timestamp": "2024-09-28T10:49:14.910639"
    },
    "Test Function checkIllegalChars when no illegal chars with a protein sequence": {
        "content": null,
        "meta": {
            "nf-test": "0.8.4",
            "nextflow": "24.04.4"
        },
        "timestamp": "2024-09-28T10:49:05.915942"
    },
    "Test Function checkIllegalChars when no illegal chars with a protein sequence but thinks its nucleic": {
        "content": [
            {
                "GENERAL": [
                    "'DEF'",
                    "'HIKLMN'"
                ]
            }
        ],
        "meta": {
            "nf-test": "0.8.4",
            "nextflow": "24.04.4"
        },
        "timestamp": "2024-09-28T10:49:08.958206"
    },
    "Test Function isNucleic with protein sequence": {
        "content": [
            false
        ],
        "meta": {
            "nf-test": "0.8.4",
            "nextflow": "24.04.4"
        },
        "timestamp": "2024-09-28T10:49:03.107952"
    },
    "Test Function checkIllegalChars when there are illegal chars in a protein seq": {
        "content": [
            {
                "GENERAL": [
                    "',123'"
                ],
                "ANTIFAM": [
                    "'-'"
                ],
                "SFLD": [
                    "'-'",
                    "'.'"
                ]
            }
        ],
        "meta": {
            "nf-test": "0.8.4",
            "nextflow": "24.04.4"
        },
        "timestamp": "2024-09-28T10:49:11.754557"
    }
}