{
    "Should run without failures": {
        "content": [
            {
                "0": [
                    [
                        1,
                        [
                            "1.json:md5,c0dd663eba95e655bea8ee0d7708ae74"
                        ]
                    ]
                ]
            }
        ],
        "timestamp": "2026-07-20T16:29:26.424585",
        "meta": {
            "nf-test": "0.9.4",
            "nextflow": "26.04.1"
        }
    }
}