{
    "Should run without failures": {
        "content": [
            {
                "0": [
                    [
                        1,
                        "tmbed.json:md5,9ac9a463c7e6b0a5d0c9b562e5267bab"
                    ]
                ]
            }
        ],
        "meta": {
            "nf-test": "0.9.3",
            "nextflow": "25.04.7"
        },
        "timestamp": "2025-10-18T22:24:00.385927799"
    }
}