{
    "Should run without failures": {
        "content": [
            {
                "0": [
                    [
                        1,
                        [
                            "tmbed_1.fasta:md5,ca90f2adbc0419678e87036013d6b178",
                            "tmbed_10.fasta:md5,24fb93561376d5074385e8efddd7936e",
                            "tmbed_11.fasta:md5,05ea6e99357960c3a77a9b65ef0c4e32",
                            "tmbed_2.fasta:md5,9a6c874297316080f69c4cf6f25fdbe5",
                            "tmbed_3.fasta:md5,61aa7f3c135a1082177b5a703d1e7351",
                            "tmbed_4.fasta:md5,ea8dafc492a26fe2b08af39c479bbea5",
                            "tmbed_5.fasta:md5,e692ed6e486068e5e91ee6181d39fa85",
                            "tmbed_6.fasta:md5,a323328ad8822019b448efb197fc07bb",
                            "tmbed_7.fasta:md5,29cf08447cae09e7a54639621fa53229",
                            "tmbed_8.fasta:md5,c9a103183f1e16abbe97eca984145cfa",
                            "tmbed_9.fasta:md5,338166560d955d418ccc6e1788f4f12e"
                        ]
                    ]
                ]
            }
        ],
        "meta": {
            "nf-test": "0.9.3",
            "nextflow": "25.04.7"
        },
        "timestamp": "2025-10-18T22:15:28.430878114"
    }
}