{
    "Should run without failures": {
        "content": [
            {
                "0": [
                    "pathways_match_entries.json:md5,688513254930e5a7b30a4d1b29a3b745"
                ]
            }
        ],
        "meta": {
            "nf-test": "0.8.4",
            "nextflow": "24.04.2"
        },
        "timestamp": "2024-09-06T18:16:49.8948"
    }
}