{
    "Should run without failures": {
        "content": [
            {
                "0": [
                    [
                        1,
                        "tmhmm.json:md5,7ad15a378776f5e154cf5b82adadb9f2"
                    ]
                ]
            }
        ],
        "timestamp": "2026-07-17T09:53:14.492348",
        "meta": {
            "nf-test": "0.9.4",
            "nextflow": "26.04.1"
        }
    }
}