{
    "Should run without failures": {
        "content": [
            {
                "0": [
                    [
                        1,
                        "interpro-n.json:md5,41c621b54337473333ac6f1e5d26921c"
                    ]
                ]
            }
        ],
        "meta": {
            "nf-test": "0.9.3",
            "nextflow": "25.04.7"
        },
        "timestamp": "2026-03-05T20:53:33.464312646"
    }
}