{
    "Should run without failures": {
        "content": [
            {
                "0": [
                    [
                        1,
                        [
                            "sequences_1.tsv:md5,f8cd676b6a785ed47468dac43b2f425f"
                        ]
                    ]
                ]
            }
        ],
        "meta": {
            "nf-test": "0.9.3",
            "nextflow": "25.04.7"
        },
        "timestamp": "2025-11-05T12:01:09.150125906"
    }
}