{
    "Should run without failures": {
        "content": [
            {
                "0": [
                    [
                        1,
                        [
                            "sequences_1.tsv:md5,3fd1f62af5e89b75180a589b02035aeb"
                        ]
                    ]
                ]
            }
        ],
        "meta": {
            "nf-test": "0.9.3",
            "nextflow": "25.04.7"
        },
        "timestamp": "2025-12-04T11:16:22.209185238"
    }
}