{
    "Should run without failures": {
        "content": [
            {
                "0": [
                    [
                        "results.jsonl:md5,c4bb035984332eb9c6bf85e67ed452b3",
                        "results.json:md5,41eaf1aece722faba029f2524e3165aa",
                        "results.tsv:md5,5b58ae3547e41491de0ad64879e18bd6",
                        "results.xml:md5,1b86ee9b32f2c744f2e2bdae7139c8b7",
                        "results.gff3:md5,41cec7e2557463efd91e5d07603a3904"
                    ]
                ]
            }
        ],
        "timestamp": "2026-04-07T21:34:32.015378947",
        "meta": {
            "nf-test": "0.9.4",
            "nextflow": "25.04.7"
        }
    }
}