{
    "Should run without failures": {
        "content": [
            {
                "0": [
                    [
                        [
                            "antifam",
                            [
                                
                            ]
                        ]
                    ]
                ],
                "1": [
                    [
                        [
                            "pfam",
                            "pfam",
                            "38.1",
                            false,
                            "/home/mblum/Projects/i6/interproscan6/.nf-test/tests/c8303dac5046ef968f3874e81b203271/work/b5/3cc53514c9775524d3ae947f0679b3/find-databases/pfam/38.1"
                        ]
                    ]
                ],
                "missing": [
                    [
                        [
                            "pfam",
                            "pfam",
                            "38.1",
                            false,
                            "/home/mblum/Projects/i6/interproscan6/.nf-test/tests/c8303dac5046ef968f3874e81b203271/work/b5/3cc53514c9775524d3ae947f0679b3/find-databases/pfam/38.1"
                        ]
                    ]
                ],
                "ready": [
                    [
                        [
                            "antifam",
                            [
                                
                            ]
                        ]
                    ]
                ]
            }
        ],
        "timestamp": "2026-04-06T18:03:45.300408141",
        "meta": {
            "nf-test": "0.9.4",
            "nextflow": "25.04.7"
        }
    }
}