{
    "Should run without failures": {
        "content": [
            {
                "0": [
                    [
                        [
                            "antifam",
                            [
                                
                            ]
                        ]
                    ]
                ],
                "1": [
                    [
                        [
                            "pfam",
                            "pfam",
                            "38.1",
                            false,
                            "/home/mblum/Projects/i6/interproscan6/.nf-test/tests/c8303dac5046ef968f3874e81b203271/work/7f/55bc2abe41018df14398b66ff4fbb4/find-databases/pfam/38.1"
                        ]
                    ]
                ],
                "missing": [
                    [
                        [
                            "pfam",
                            "pfam",
                            "38.1",
                            false,
                            "/home/mblum/Projects/i6/interproscan6/.nf-test/tests/c8303dac5046ef968f3874e81b203271/work/7f/55bc2abe41018df14398b66ff4fbb4/find-databases/pfam/38.1"
                        ]
                    ]
                ],
                "ready": [
                    [
                        [
                            "antifam",
                            [
                                
                            ]
                        ]
                    ]
                ]
            }
        ],
        "timestamp": "2026-04-06T19:50:20.634214946",
        "meta": {
            "nf-test": "0.9.4",
            "nextflow": "25.04.7"
        }
    }
}