{
    "Should run without failures": {
        "content": [
            {
                "0": [
                    "parsed_sequences:md5,52f337742b16b255d755a41a4d640874"
                ]
            }
        ],
        "meta": {
            "nf-test": "0.8.4",
            "nextflow": "24.04.2"
        },
        "timestamp": "2024-09-17T14:09:34.557144"
    }
}