{
    "Write JSON output for protein sequences": {
        "content": [
            {
                "0": [
                    "output.json:md5,28bd73f740781f1bd87241a92ca3f9d0"
                ]
            }
        ],
        "timestamp": "2026-07-16T15:44:44.529504",
        "meta": {
            "nf-test": "0.9.4",
            "nextflow": "26.04.1"
        }
    },
    "Write JSON Lines output for nucleic sequences": {
        "content": [
            {
                "0": [
                    "output.jsonl:md5,56eaef16707f22ccbce60a141937b8ba"
                ]
            }
        ],
        "timestamp": "2026-07-16T15:45:00.192314",
        "meta": {
            "nf-test": "0.9.4",
            "nextflow": "26.04.1"
        }
    },
    "Write JSON Lines output for protein sequences": {
        "content": [
            {
                "0": [
                    "output.jsonl:md5,e117720a4637eca09a62d7113ff19b13"
                ]
            }
        ],
        "timestamp": "2026-07-16T15:44:49.548896",
        "meta": {
            "nf-test": "0.9.4",
            "nextflow": "26.04.1"
        }
    },
    "Write JSON output for nucleic sequences": {
        "content": [
            {
                "0": [
                    "output.json:md5,3f06dd75c315686cb52d613ace679b2d"
                ]
            }
        ],
        "timestamp": "2026-07-16T15:44:54.800636",
        "meta": {
            "nf-test": "0.9.4",
            "nextflow": "26.04.1"
        }
    }
}