{
    "Write output for protein sequences": {
        "content": [
            {
                "0": [
                    "output.xml:md5,3f17e928e58e76d82d47e3c14933f80d"
                ]
            }
        ],
        "timestamp": "2026-04-12T11:45:44.324410002",
        "meta": {
            "nf-test": "0.9.4",
            "nextflow": "25.04.7"
        }
    }
}