{
    "Write output for protein sequences": {
        "content": [
            {
                "0": [
                    "output.xml:md5,5764cfe41799cff31f4099a86a472110"
                ]
            }
        ],
        "timestamp": "2026-07-20T17:37:19.627794",
        "meta": {
            "nf-test": "0.9.4",
            "nextflow": "26.04.1"
        }
    },
    "Write output for nucleic sequences": {
        "content": [
            {
                "0": [
                    "output.xml:md5,fc89fba7892d596554aa0561e31158a4"
                ]
            }
        ],
        "timestamp": "2026-07-20T19:12:55.962301",
        "meta": {
            "nf-test": "0.9.4",
            "nextflow": "26.04.1"
        }
    }
}