{
    "Write output for protein sequences": {
        "content": [
            {
                "0": [
                    "output.gff3:md5,5dcad656b38e7847db27aa98365ae022"
                ]
            }
        ],
        "timestamp": "2026-07-20T17:36:33.927698",
        "meta": {
            "nf-test": "0.9.4",
            "nextflow": "26.04.1"
        }
    },
    "Write output for nucleic sequences": {
        "content": [
            {
                "0": [
                    "output.gff3:md5,8b3440c1b6a28c6d63cdd21e96d7cd00"
                ]
            }
        ],
        "timestamp": "2026-07-20T19:12:13.91676",
        "meta": {
            "nf-test": "0.9.4",
            "nextflow": "26.04.1"
        }
    }
}