{
    "Write output for protein sequences": {
        "content": [
            {
                "0": [
                    "output.gff3:md5,b2755669b1a10ade7ec4aeb946b417c2"
                ]
            }
        ],
        "timestamp": "2026-04-12T11:46:06.605662851",
        "meta": {
            "nf-test": "0.9.4",
            "nextflow": "25.04.7"
        }
    }
}