{
    "Write JSON output for protein sequences": {
        "content": [
            {
                "0": [
                    "output.json:md5,f1ea6b81e014e063b748368d8e078918"
                ]
            }
        ],
        "timestamp": "2026-07-20T17:36:45.553138",
        "meta": {
            "nf-test": "0.9.4",
            "nextflow": "26.04.1"
        }
    },
    "Write JSON Lines output for nucleic sequences": {
        "content": [
            {
                "0": [
                    "output.jsonl:md5,56eaef16707f22ccbce60a141937b8ba"
                ]
            }
        ],
        "timestamp": "2026-07-20T19:12:34.924992",
        "meta": {
            "nf-test": "0.9.4",
            "nextflow": "26.04.1"
        }
    },
    "Write JSON Lines output for protein sequences": {
        "content": [
            {
                "0": [
                    "output.jsonl:md5,41cbc8d7f0cc6accf54fe296abc9f0da"
                ]
            }
        ],
        "timestamp": "2026-07-20T17:36:51.576436",
        "meta": {
            "nf-test": "0.9.4",
            "nextflow": "26.04.1"
        }
    },
    "Write JSON output for nucleic sequences": {
        "content": [
            {
                "0": [
                    "output.json:md5,3f06dd75c315686cb52d613ace679b2d"
                ]
            }
        ],
        "timestamp": "2026-07-20T19:12:29.432454",
        "meta": {
            "nf-test": "0.9.4",
            "nextflow": "26.04.1"
        }
    }
}