{
    "Should run without failures": {
        "content": [
            {
                "0": [
                    [
                        1,
                        "tmbed.json:md5,a07fe5301ea69e0a4e0b6dc03e8e61c9"
                    ]
                ]
            }
        ],
        "timestamp": "2026-06-24T18:30:33.633342938",
        "meta": {
            "nf-test": "0.9.4",
            "nextflow": "26.04.3"
        }
    },
    "Should skip hits where start >= end": {
        "content": [
            {
                "0": [
                    [
                        1,
                        "tmbed.json:md5,614c2b30344b15bfca1ca6f651d75e8b"
                    ]
                ]
            }
        ],
        "timestamp": "2026-06-24T18:40:10.017567208",
        "meta": {
            "nf-test": "0.9.4",
            "nextflow": "26.04.3"
        }
    }
}